locnumber,portnumber,accnumber,loc_idx,peril_id,coverage_type_id,tiv,item_id,coverage_id,layer_id,agg_id
FA37_02_1,OEDTest,FA37_02,0,1,1,75000000.0,1,1,1,1
FA37_02_1,OEDTest,FA37_02,0,1,3,12000000.0,2,2,1,2
FA37_02_1,OEDTest,FA37_02,0,1,4,13000000.0,3,3,1,3
FA37_02_2,OEDTest,FA37_02,1,1,1,75000000.0,4,4,1,4
FA37_02_2,OEDTest,FA37_02,1,1,3,12000000.0,5,5,1,5
FA37_02_2,OEDTest,FA37_02,1,1,4,13000000.0,6,6,1,6
