item_id,coverage_id,areaperil_id,vulnerability_id,group_id
1,1,1,1,1
2,2,3,3,1
3,3,4,4,1
4,4,5,5,2
5,5,7,7,2
6,6,8,8,2
7,7,9,9,3
8,8,11,11,3
9,9,12,12,3
10,10,29,29,4
11,11,31,31,4
12,12,32,32,4
13,13,33,33,5
14,14,35,35,5
15,15,36,36,5
16,16,13,13,6
17,17,15,15,6
18,18,16,16,6
19,19,17,17,7
20,20,19,19,7
21,21,20,20,7
22,22,21,21,8
23,23,23,23,8
24,24,24,24,8
25,25,25,25,9
26,26,27,27,9
27,27,28,28,9
