{
    "1": {
        "inuring_priority": 1,
        "risk_level": "ACC",
        "directory": "/home/joh/OasisLMF_ri_updates/validation/examples/FA42_142/run/RI_1"
    }
}