{
    "1": {
        "inuring_priority": 1,
        "risk_level": "POL",
        "directory": "/home/joh/OasisLMF_ri_updates/validation/examples/FA41_138/run/RI_1"
    }
}