{
    "1": {
        "inuring_priority": 1,
        "risk_level": "POL",
        "directory": "/home/joh/git/OasisLMF/validation/examples/CX31_102/run/RI_1"
    }
}