{
    "1": {
        "inuring_priority": 1,
        "risk_level": "SEL",
        "directory": "/home/joh/git/OasisLMF/validation/examples/CX30_100/run/RI_1"
    }
}