locnumber,accnumber,portnumber,loc_idx,peril_id,coverage_type_id,tiv,item_id,coverage_id,layer_id,agg_id
L1,1,1,0,1,1,1000000.0,1,1,1,1
L1,1,1,0,1,2,100000.0,2,2,1,2
L1,1,1,0,1,3,50000.0,3,3,1,3
L1,1,1,0,1,4,20000.0,4,4,1,4
L2,1,1,1,1,1,1700000.0,5,5,1,5
L2,1,1,1,1,2,30000.0,6,6,1,6
L2,1,1,1,1,3,1000000.0,7,7,1,7
L2,1,1,1,1,4,50000.0,8,8,1,8
