LocID,PerilID,CoverageTypeID,AreaPerilID,VulnerabilityID
CX30_03_1,1,1,1,1
CX30_03_1,1,2,2,2
CX30_03_1,1,3,3,3
CX30_03_1,1,4,4,4
CX30_03_2,1,1,5,5
CX30_03_2,1,2,6,6
CX30_03_2,1,3,7,7
CX30_03_2,1,4,8,8
CX30_03_3,1,1,9,9
CX30_03_3,1,2,10,10
CX30_03_3,1,3,11,11
CX30_03_3,1,4,12,12
