LocID,PerilID,CoverageTypeID,AreaPerilID,VulnerabilityID
FA37_01_1,1,1,1,1
FA37_01_1,1,2,2,2
FA37_01_1,1,3,3,3
FA37_01_1,1,4,4,4
FA37_02_1,1,1,5,5
FA37_02_1,1,2,6,6
FA37_02_1,1,3,7,7
FA37_02_1,1,4,8,8
FA37_02_2,1,1,9,9
FA37_02_2,1,2,10,10
FA37_02_2,1,3,11,11
FA37_02_2,1,4,12,12
SS01_04_1,1,1,13,13
SS01_04_1,1,2,14,14
SS01_04_1,1,3,15,15
SS01_04_1,1,4,16,16
SS01_04_2,1,1,17,17
SS01_04_2,1,2,18,18
SS01_04_2,1,3,19,19
SS01_04_2,1,4,20,20
