{
    "1": {
        "inuring_priority": 1,
        "risk_level": "LOC",
        "directory": "/home/joh/OasisLMF_ri_updates/validation/examples/FA37_125/run/RI_1"
    }
}