{
    "1": {
        "inuring_priority": 1,
        "risk_level": "LOC",
        "directory": "/home/joh/git/OasisLMF/validation/examples/SS03_7/run/RI_1"
    }
}