locnumber,portnumber,accnumber,loc_idx,peril_id,coverage_type_id,tiv,item_id,coverage_id,layer_id,agg_id
CX29_05_1,OEDTest,CX29_05,0,1,1,75000000.0,1,1,1,1
CX29_05_1,OEDTest,CX29_05,0,1,3,12000000.0,2,2,1,2
CX29_05_1,OEDTest,CX29_05,0,1,4,13000000.0,3,3,1,3
CX29_05_2,OEDTest,CX29_05,1,1,1,75000000.0,4,4,1,4
CX29_05_2,OEDTest,CX29_05,1,1,3,12000000.0,5,5,1,5
CX29_05_2,OEDTest,CX29_05,1,1,4,13000000.0,6,6,1,6
