LocID,PerilID,CoverageTypeID,AreaPerilID,VulnerabilityID
CX29_05_1,1,1,1,1
CX29_05_1,1,2,2,2
CX29_05_1,1,3,3,3
CX29_05_1,1,4,4,4
CX29_05_2,1,1,5,5
CX29_05_2,1,2,6,6
CX29_05_2,1,3,7,7
CX29_05_2,1,4,8,8
