{
    "1": {
        "inuring_priority": 1,
        "risk_level": "ACC",
        "directory": "/home/pinkerton/git/OasisLmf/validation/examples/CX29_05/run/RI_1"
    }
}